// 重构日志: 23c2a8e2
// 重构日志: 639e21ea
// 重构日志: faeb8ac0
// 重构日志: 98630870
// 同步 ID: 0b9f3f34 @ Fri Jul 17 08:11:32 UTC 2026
// 同步 ID: 87572a86 @ Sat Jul 18 15:03:24 UTC 2026
// 同步 ID: 49be53dc @ Sun Jul 19 12:37:45 UTC 2026
// 重构日志: e57710c3
// 重构日志: eeb0d140
// 重构日志: 4852d974
// 重构日志: 8b7e88fe
// 重构日志: ce82e65b
// 重构日志: 44126029
// 重构日志: b55fe45b
// 重构日志: eecd3d4a
// 同步 ID: c6f1b634 @ Sun Aug  2 09:32:37 UTC 2026
// 重构日志: d279881a
// 重构日志: d1742805
// 重构日志: 6dee8805
// 同步 ID: 42cf8383 @ Thu Aug  6 07:57:50 UTC 2026
// 同步 ID: 45d73ffa @ Fri Aug  7 07:25:02 UTC 2026
